// Jest Snapshot v1, https://goo.gl/fbAQLP

exports[`Should PreviewCard render correctly 1`] = `
<article
  className="small-movie-card catalog__movies-card"
  id={1}
  onClick={[Function]}
  onMouseEnter={[Function]}
  onMouseLeave={[Function]}
>
  <div
    className="small-movie-card__image"
  >
    <img
      alt="Bohemian Rhapsody"
      height="175"
      src="bohemian-rhapsody"
      width="280"
    />
  </div>
  <h3
    className="small-movie-card__title"
  >
    <a
      className="small-movie-card__link"
      href="movie-page.html"
    >
      Bohemian Rhapsody
    </a>
  </h3>
</article>
`;
