// Jest Snapshot v1, https://goo.gl/fbAQLP

exports[`Should Spinner render correctly 1`] = `
<div
  className="spinner"
>
  <div
    className="spinner__wrap"
  >
    <div />
    <div />
    <div />
    <div />
    <div />
    <div />
    <div />
    <div />
    <div />
    <div />
    <div />
    <div />
  </div>
</div>
`;
