// Jest Snapshot v1, https://goo.gl/fbAQLP

exports[`Should AddReviewScreen render correctly 1`] = `
<section
  className="movie-card movie-card--full"
>
  <div
    className="movie-card__header"
  >
    <div
      className="movie-card__bg"
    >
      <img
        alt="Bohemian Rhapsody"
        src="bg-the-grand-budapest-hotel"
      />
    </div>
    <h1
      className="visually-hidden"
    >
      WTW
    </h1>
    <header
      className="page-header"
    >
      <div
        className="logo"
      >
        <a
          className="logo__link "
          href="/"
          onClick={[Function]}
        >
          <span
            className="logo__letter logo__letter--1"
          >
            W
          </span>
          <span
            className="logo__letter logo__letter--2"
          >
            T
          </span>
          <span
            className="logo__letter logo__letter--3"
          >
            W
          </span>
        </a>
      </div>
      <nav
        className="breadcrumbs"
      >
        <ul
          className="breadcrumbs__list"
        >
          <li
            className="breadcrumbs__item"
          >
            <a
              className="breadcrumbs__link"
              href="/cards/1/"
              onClick={[Function]}
            >
              Bohemian Rhapsody
            </a>
          </li>
          <li
            className="breadcrumbs__item"
          >
            <a
              className="breadcrumbs__link"
            >
              Add review
            </a>
          </li>
        </ul>
      </nav>
      <div
        className="user-block"
      >
        <a
          href="/userList/"
          onClick={[Function]}
        >
          <div
            className="user-block__avatar"
          >
            <img
              alt="User avatar"
              height="63"
              src="https://htmlacademy-react-3.appspot.com/undefined"
              width="63"
            />
          </div>
        </a>
      </div>
    </header>
    <div
      className="movie-card__poster  "
    >
      <img
        alt="Bohemian Rhapsody"
        height="327"
        src="the-grand-budapest-hotel-poster"
        width="218"
      />
    </div>
  </div>
  <div
    className="add-review"
  >
    <form
      action=""
      className="add-review__form"
      onSubmit={[Function]}
    >
      <div
        className="rating"
      >
        <div
          className="rating__stars"
        >
          <input
            checked={false}
            className="rating__input"
            id="star-1"
            name="rating"
            onChange={[Function]}
            type="radio"
            value={1}
          />
          <label
            className="rating__label"
            htmlFor="star-1"
          >
            Rating 
            1
          </label>
          <input
            checked={false}
            className="rating__input"
            id="star-2"
            name="rating"
            onChange={[Function]}
            type="radio"
            value={2}
          />
          <label
            className="rating__label"
            htmlFor="star-2"
          >
            Rating 
            2
          </label>
          <input
            checked={false}
            className="rating__input"
            id="star-3"
            name="rating"
            onChange={[Function]}
            type="radio"
            value={3}
          />
          <label
            className="rating__label"
            htmlFor="star-3"
          >
            Rating 
            3
          </label>
          <input
            checked={false}
            className="rating__input"
            id="star-4"
            name="rating"
            onChange={[Function]}
            type="radio"
            value={4}
          />
          <label
            className="rating__label"
            htmlFor="star-4"
          >
            Rating 
            4
          </label>
          <input
            checked={false}
            className="rating__input"
            id="star-5"
            name="rating"
            onChange={[Function]}
            type="radio"
            value={5}
          />
          <label
            className="rating__label"
            htmlFor="star-5"
          >
            Rating 
            5
          </label>
        </div>
      </div>
      <div
        className="sign-in__message"
        style={
          Object {
            "color": "rgba(56, 44, 42, 0.8)",
            "height": "50px",
            "padding": "5px",
          }
        }
      >
        <p>
          Please rate the film and leave your review (at least 50 characters).
        </p>
      </div>
      <div
        className="add-review__text"
        style={
          Object {
            "boxShadow": "0 0 8px 4px rgba(135, 0, 0, 0.5)",
          }
        }
      >
        <textarea
          className="add-review__textarea"
          id="review-text"
          name="review-text"
          onChange={[Function]}
          onKeyDown={[Function]}
          placeholder="Review text"
          value=""
        />
        <div
          className="add-review__submit"
        >
          <button
            className="add-review__btn"
            disabled={true}
            style={
              Object {
                "opacity": "0.5",
              }
            }
            type="submit"
          >
            Post
          </button>
        </div>
      </div>
    </form>
  </div>
</section>
`;
